// Jest Snapshot v1, https://goo.gl/fbAQLP

exports[`Splash Page stack snapshot 1`] = `
Object {
  "Mappings": Object {
    "AWSCloudFrontPartitionHostedZoneIdMap": Object {
      "aws": Object {
        "zoneId": "Z2FDTNDATAQYW2",
      },
      "aws-cn": Object {
        "zoneId": "Z3RFFRIM2A3IF5",
      },
    },
  },
  "Outputs": Object {
    "Bucket": Object {
      "Value": Object {
        "Ref": "monomerbiostaticsiteA6A03A2E",
      },
    },
    "Certificate": Object {
      "Value": Object {
        "Fn::GetAtt": Array [
          "SiteCertificateCertificateRequestorResource6021082A",
          "Arn",
        ],
      },
    },
    "DistributionId": Object {
      "Value": Object {
        "Ref": "SiteDistributionCFDistribution209CF7F5",
      },
    },
    "Site": Object {
      "Value": "https://monomerbio.com",
    },
  },
  "Parameters": Object {
    "AssetParameters7af6295e521fd55af94332393ceffb3e866aac4dc4956321f7918f21e72199e4ArtifactHash5E28809B": Object {
      "Description": "Artifact hash for asset \\"7af6295e521fd55af94332393ceffb3e866aac4dc4956321f7918f21e72199e4\\"",
      "Type": "String",
    },
    "AssetParameters7af6295e521fd55af94332393ceffb3e866aac4dc4956321f7918f21e72199e4S3Bucket5BEBDCBE": Object {
      "Description": "S3 bucket for asset \\"7af6295e521fd55af94332393ceffb3e866aac4dc4956321f7918f21e72199e4\\"",
      "Type": "String",
    },
    "AssetParameters7af6295e521fd55af94332393ceffb3e866aac4dc4956321f7918f21e72199e4S3VersionKey326451BC": Object {
      "Description": "S3 key for asset version \\"7af6295e521fd55af94332393ceffb3e866aac4dc4956321f7918f21e72199e4\\"",
      "Type": "String",
    },
    "AssetParametersc24b999656e4fe6c609c31bae56a1cf4717a405619c3aa6ba1bc686b8c2c86cfArtifactHash85F58E48": Object {
      "Description": "Artifact hash for asset \\"c24b999656e4fe6c609c31bae56a1cf4717a405619c3aa6ba1bc686b8c2c86cf\\"",
      "Type": "String",
    },
    "AssetParametersc24b999656e4fe6c609c31bae56a1cf4717a405619c3aa6ba1bc686b8c2c86cfS3Bucket55EFA30C": Object {
      "Description": "S3 bucket for asset \\"c24b999656e4fe6c609c31bae56a1cf4717a405619c3aa6ba1bc686b8c2c86cf\\"",
      "Type": "String",
    },
    "AssetParametersc24b999656e4fe6c609c31bae56a1cf4717a405619c3aa6ba1bc686b8c2c86cfS3VersionKey60329B70": Object {
      "Description": "S3 key for asset version \\"c24b999656e4fe6c609c31bae56a1cf4717a405619c3aa6ba1bc686b8c2c86cf\\"",
      "Type": "String",
    },
    "AssetParameterscb5b99b8e44e4534ef0b6cbd69f1cf37300f5d57c0e6794fb776f3e5a5f45526ArtifactHash921995FA": Object {
      "Description": "Artifact hash for asset \\"cb5b99b8e44e4534ef0b6cbd69f1cf37300f5d57c0e6794fb776f3e5a5f45526\\"",
      "Type": "String",
    },
    "AssetParameterscb5b99b8e44e4534ef0b6cbd69f1cf37300f5d57c0e6794fb776f3e5a5f45526S3Bucket40D0D8A3": Object {
      "Description": "S3 bucket for asset \\"cb5b99b8e44e4534ef0b6cbd69f1cf37300f5d57c0e6794fb776f3e5a5f45526\\"",
      "Type": "String",
    },
    "AssetParameterscb5b99b8e44e4534ef0b6cbd69f1cf37300f5d57c0e6794fb776f3e5a5f45526S3VersionKey5456D461": Object {
      "Description": "S3 key for asset version \\"cb5b99b8e44e4534ef0b6cbd69f1cf37300f5d57c0e6794fb776f3e5a5f45526\\"",
      "Type": "String",
    },
    "AssetParameterse9882ab123687399f934da0d45effe675ecc8ce13b40cb946f3e1d6141fe8d68ArtifactHashD9A515C3": Object {
      "Description": "Artifact hash for asset \\"e9882ab123687399f934da0d45effe675ecc8ce13b40cb946f3e1d6141fe8d68\\"",
      "Type": "String",
    },
    "AssetParameterse9882ab123687399f934da0d45effe675ecc8ce13b40cb946f3e1d6141fe8d68S3BucketAEADE8C7": Object {
      "Description": "S3 bucket for asset \\"e9882ab123687399f934da0d45effe675ecc8ce13b40cb946f3e1d6141fe8d68\\"",
      "Type": "String",
    },
    "AssetParameterse9882ab123687399f934da0d45effe675ecc8ce13b40cb946f3e1d6141fe8d68S3VersionKeyE415415F": Object {
      "Description": "S3 key for asset version \\"e9882ab123687399f934da0d45effe675ecc8ce13b40cb946f3e1d6141fe8d68\\"",
      "Type": "String",
    },
  },
  "Resources": Object {
    "CustomCDKBucketDeployment8693BB64968944B69AAFB0CC9EB8756C81C01536": Object {
      "DependsOn": Array [
        "CustomCDKBucketDeployment8693BB64968944B69AAFB0CC9EB8756CServiceRoleDefaultPolicy88902FDF",
        "CustomCDKBucketDeployment8693BB64968944B69AAFB0CC9EB8756CServiceRole89A01265",
      ],
      "Properties": Object {
        "Code": Object {
          "S3Bucket": Object {
            "Ref": "AssetParametersc24b999656e4fe6c609c31bae56a1cf4717a405619c3aa6ba1bc686b8c2c86cfS3Bucket55EFA30C",
          },
          "S3Key": Object {
            "Fn::Join": Array [
              "",
              Array [
                Object {
                  "Fn::Select": Array [
                    0,
                    Object {
                      "Fn::Split": Array [
                        "||",
                        Object {
                          "Ref": "AssetParametersc24b999656e4fe6c609c31bae56a1cf4717a405619c3aa6ba1bc686b8c2c86cfS3VersionKey60329B70",
                        },
                      ],
                    },
                  ],
                },
                Object {
                  "Fn::Select": Array [
                    1,
                    Object {
                      "Fn::Split": Array [
                        "||",
                        Object {
                          "Ref": "AssetParametersc24b999656e4fe6c609c31bae56a1cf4717a405619c3aa6ba1bc686b8c2c86cfS3VersionKey60329B70",
                        },
                      ],
                    },
                  ],
                },
              ],
            ],
          },
        },
        "Handler": "index.handler",
        "Layers": Array [
          Object {
            "Ref": "deploystaticwebsiteAwsCliLayer31B11195",
          },
        ],
        "Role": Object {
          "Fn::GetAtt": Array [
            "CustomCDKBucketDeployment8693BB64968944B69AAFB0CC9EB8756CServiceRole89A01265",
            "Arn",
          ],
        },
        "Runtime": "python3.6",
        "Timeout": 900,
      },
      "Type": "AWS::Lambda::Function",
    },
    "CustomCDKBucketDeployment8693BB64968944B69AAFB0CC9EB8756CServiceRole89A01265": Object {
      "Properties": Object {
        "AssumeRolePolicyDocument": Object {
          "Statement": Array [
            Object {
              "Action": "sts:AssumeRole",
              "Effect": "Allow",
              "Principal": Object {
                "Service": "lambda.amazonaws.com",
              },
            },
          ],
          "Version": "2012-10-17",
        },
        "ManagedPolicyArns": Array [
          Object {
            "Fn::Join": Array [
              "",
              Array [
                "arn:",
                Object {
                  "Ref": "AWS::Partition",
                },
                ":iam::aws:policy/service-role/AWSLambdaBasicExecutionRole",
              ],
            ],
          },
        ],
      },
      "Type": "AWS::IAM::Role",
    },
    "CustomCDKBucketDeployment8693BB64968944B69AAFB0CC9EB8756CServiceRoleDefaultPolicy88902FDF": Object {
      "Properties": Object {
        "PolicyDocument": Object {
          "Statement": Array [
            Object {
              "Action": Array [
                "s3:GetObject*",
                "s3:GetBucket*",
                "s3:List*",
              ],
              "Effect": "Allow",
              "Resource": Array [
                Object {
                  "Fn::Join": Array [
                    "",
                    Array [
                      "arn:",
                      Object {
                        "Ref": "AWS::Partition",
                      },
                      ":s3:::",
                      Object {
                        "Ref": "AssetParameterscb5b99b8e44e4534ef0b6cbd69f1cf37300f5d57c0e6794fb776f3e5a5f45526S3Bucket40D0D8A3",
                      },
                    ],
                  ],
                },
                Object {
                  "Fn::Join": Array [
                    "",
                    Array [
                      "arn:",
                      Object {
                        "Ref": "AWS::Partition",
                      },
                      ":s3:::",
                      Object {
                        "Ref": "AssetParameterscb5b99b8e44e4534ef0b6cbd69f1cf37300f5d57c0e6794fb776f3e5a5f45526S3Bucket40D0D8A3",
                      },
                      "/*",
                    ],
                  ],
                },
              ],
            },
            Object {
              "Action": Array [
                "s3:GetObject*",
                "s3:GetBucket*",
                "s3:List*",
                "s3:DeleteObject*",
                "s3:PutObject*",
                "s3:Abort*",
              ],
              "Effect": "Allow",
              "Resource": Array [
                Object {
                  "Fn::GetAtt": Array [
                    "monomerbiostaticsiteA6A03A2E",
                    "Arn",
                  ],
                },
                Object {
                  "Fn::Join": Array [
                    "",
                    Array [
                      Object {
                        "Fn::GetAtt": Array [
                          "monomerbiostaticsiteA6A03A2E",
                          "Arn",
                        ],
                      },
                      "/*",
                    ],
                  ],
                },
              ],
            },
            Object {
              "Action": Array [
                "cloudfront:GetInvalidation",
                "cloudfront:CreateInvalidation",
              ],
              "Effect": "Allow",
              "Resource": "*",
            },
          ],
          "Version": "2012-10-17",
        },
        "PolicyName": "CustomCDKBucketDeployment8693BB64968944B69AAFB0CC9EB8756CServiceRoleDefaultPolicy88902FDF",
        "Roles": Array [
          Object {
            "Ref": "CustomCDKBucketDeployment8693BB64968944B69AAFB0CC9EB8756CServiceRole89A01265",
          },
        ],
      },
      "Type": "AWS::IAM::Policy",
    },
    "SiteAliasRecord3C0AF5BF": Object {
      "Properties": Object {
        "AliasTarget": Object {
          "DNSName": Object {
            "Fn::GetAtt": Array [
              "SiteDistributionCFDistribution209CF7F5",
              "DomainName",
            ],
          },
          "HostedZoneId": Object {
            "Fn::FindInMap": Array [
              "AWSCloudFrontPartitionHostedZoneIdMap",
              Object {
                "Ref": "AWS::Partition",
              },
              "zoneId",
            ],
          },
        },
        "HostedZoneId": "DUMMY",
        "Name": "monomerbio.com.",
        "Type": "A",
      },
      "Type": "AWS::Route53::RecordSet",
    },
    "SiteCertificateCertificateRequestorFunction7CFA7DEA": Object {
      "DependsOn": Array [
        "SiteCertificateCertificateRequestorFunctionServiceRoleDefaultPolicy96ED5C9C",
        "SiteCertificateCertificateRequestorFunctionServiceRole645E891D",
      ],
      "Properties": Object {
        "Code": Object {
          "S3Bucket": Object {
            "Ref": "AssetParameters7af6295e521fd55af94332393ceffb3e866aac4dc4956321f7918f21e72199e4S3Bucket5BEBDCBE",
          },
          "S3Key": Object {
            "Fn::Join": Array [
              "",
              Array [
                Object {
                  "Fn::Select": Array [
                    0,
                    Object {
                      "Fn::Split": Array [
                        "||",
                        Object {
                          "Ref": "AssetParameters7af6295e521fd55af94332393ceffb3e866aac4dc4956321f7918f21e72199e4S3VersionKey326451BC",
                        },
                      ],
                    },
                  ],
                },
                Object {
                  "Fn::Select": Array [
                    1,
                    Object {
                      "Fn::Split": Array [
                        "||",
                        Object {
                          "Ref": "AssetParameters7af6295e521fd55af94332393ceffb3e866aac4dc4956321f7918f21e72199e4S3VersionKey326451BC",
                        },
                      ],
                    },
                  ],
                },
              ],
            ],
          },
        },
        "Handler": "index.certificateRequestHandler",
        "Role": Object {
          "Fn::GetAtt": Array [
            "SiteCertificateCertificateRequestorFunctionServiceRole645E891D",
            "Arn",
          ],
        },
        "Runtime": "nodejs14.x",
        "Timeout": 900,
      },
      "Type": "AWS::Lambda::Function",
    },
    "SiteCertificateCertificateRequestorFunctionServiceRole645E891D": Object {
      "Properties": Object {
        "AssumeRolePolicyDocument": Object {
          "Statement": Array [
            Object {
              "Action": "sts:AssumeRole",
              "Effect": "Allow",
              "Principal": Object {
                "Service": "lambda.amazonaws.com",
              },
            },
          ],
          "Version": "2012-10-17",
        },
        "ManagedPolicyArns": Array [
          Object {
            "Fn::Join": Array [
              "",
              Array [
                "arn:",
                Object {
                  "Ref": "AWS::Partition",
                },
                ":iam::aws:policy/service-role/AWSLambdaBasicExecutionRole",
              ],
            ],
          },
        ],
      },
      "Type": "AWS::IAM::Role",
    },
    "SiteCertificateCertificateRequestorFunctionServiceRoleDefaultPolicy96ED5C9C": Object {
      "Properties": Object {
        "PolicyDocument": Object {
          "Statement": Array [
            Object {
              "Action": Array [
                "acm:RequestCertificate",
                "acm:DescribeCertificate",
                "acm:DeleteCertificate",
                "acm:AddTagsToCertificate",
              ],
              "Effect": "Allow",
              "Resource": "*",
            },
            Object {
              "Action": "route53:GetChange",
              "Effect": "Allow",
              "Resource": "*",
            },
            Object {
              "Action": "route53:changeResourceRecordSets",
              "Effect": "Allow",
              "Resource": Object {
                "Fn::Join": Array [
                  "",
                  Array [
                    "arn:",
                    Object {
                      "Ref": "AWS::Partition",
                    },
                    ":route53:::hostedzone/DUMMY",
                  ],
                ],
              },
            },
          ],
          "Version": "2012-10-17",
        },
        "PolicyName": "SiteCertificateCertificateRequestorFunctionServiceRoleDefaultPolicy96ED5C9C",
        "Roles": Array [
          Object {
            "Ref": "SiteCertificateCertificateRequestorFunctionServiceRole645E891D",
          },
        ],
      },
      "Type": "AWS::IAM::Policy",
    },
    "SiteCertificateCertificateRequestorResource6021082A": Object {
      "DeletionPolicy": "Delete",
      "Properties": Object {
        "DomainName": "monomerbio.com",
        "HostedZoneId": "DUMMY",
        "Region": "us-east-1",
        "ServiceToken": Object {
          "Fn::GetAtt": Array [
            "SiteCertificateCertificateRequestorFunction7CFA7DEA",
            "Arn",
          ],
        },
      },
      "Type": "AWS::CloudFormation::CustomResource",
      "UpdateReplacePolicy": "Delete",
    },
    "SiteDistributionCFDistribution209CF7F5": Object {
      "Properties": Object {
        "DistributionConfig": Object {
          "Aliases": Array [
            "monomerbio.com",
          ],
          "DefaultCacheBehavior": Object {
            "AllowedMethods": Array [
              "GET",
              "HEAD",
            ],
            "CachedMethods": Array [
              "GET",
              "HEAD",
            ],
            "Compress": true,
            "ForwardedValues": Object {
              "Cookies": Object {
                "Forward": "none",
              },
              "QueryString": false,
            },
            "TargetOriginId": "origin1",
            "ViewerProtocolPolicy": "redirect-to-https",
          },
          "DefaultRootObject": "index.html",
          "Enabled": true,
          "HttpVersion": "http2",
          "IPV6Enabled": true,
          "Origins": Array [
            Object {
              "ConnectionAttempts": 3,
              "ConnectionTimeout": 10,
              "CustomOriginConfig": Object {
                "HTTPPort": 80,
                "HTTPSPort": 443,
                "OriginKeepaliveTimeout": 5,
                "OriginProtocolPolicy": "http-only",
                "OriginReadTimeout": 30,
                "OriginSSLProtocols": Array [
                  "TLSv1.2",
                ],
              },
              "DomainName": Object {
                "Fn::Select": Array [
                  2,
                  Object {
                    "Fn::Split": Array [
                      "/",
                      Object {
                        "Fn::GetAtt": Array [
                          "monomerbiostaticsiteA6A03A2E",
                          "WebsiteURL",
                        ],
                      },
                    ],
                  },
                ],
              },
              "Id": "origin1",
            },
          ],
          "PriceClass": "PriceClass_100",
          "ViewerCertificate": Object {
            "AcmCertificateArn": Object {
              "Fn::GetAtt": Array [
                "SiteCertificateCertificateRequestorResource6021082A",
                "Arn",
              ],
            },
            "SslSupportMethod": "sni-only",
          },
        },
      },
      "Type": "AWS::CloudFront::Distribution",
    },
    "deploystaticwebsiteAwsCliLayer31B11195": Object {
      "Properties": Object {
        "Content": Object {
          "S3Bucket": Object {
            "Ref": "AssetParameterse9882ab123687399f934da0d45effe675ecc8ce13b40cb946f3e1d6141fe8d68S3BucketAEADE8C7",
          },
          "S3Key": Object {
            "Fn::Join": Array [
              "",
              Array [
                Object {
                  "Fn::Select": Array [
                    0,
                    Object {
                      "Fn::Split": Array [
                        "||",
                        Object {
                          "Ref": "AssetParameterse9882ab123687399f934da0d45effe675ecc8ce13b40cb946f3e1d6141fe8d68S3VersionKeyE415415F",
                        },
                      ],
                    },
                  ],
                },
                Object {
                  "Fn::Select": Array [
                    1,
                    Object {
                      "Fn::Split": Array [
                        "||",
                        Object {
                          "Ref": "AssetParameterse9882ab123687399f934da0d45effe675ecc8ce13b40cb946f3e1d6141fe8d68S3VersionKeyE415415F",
                        },
                      ],
                    },
                  ],
                },
              ],
            ],
          },
        },
        "Description": "/opt/awscli/aws",
      },
      "Type": "AWS::Lambda::LayerVersion",
    },
    "deploystaticwebsiteCustomResource7923FA82": Object {
      "DeletionPolicy": "Delete",
      "Properties": Object {
        "DestinationBucketName": Object {
          "Ref": "monomerbiostaticsiteA6A03A2E",
        },
        "DistributionId": Object {
          "Ref": "SiteDistributionCFDistribution209CF7F5",
        },
        "DistributionPaths": Array [
          "/*",
        ],
        "Prune": true,
        "ServiceToken": Object {
          "Fn::GetAtt": Array [
            "CustomCDKBucketDeployment8693BB64968944B69AAFB0CC9EB8756C81C01536",
            "Arn",
          ],
        },
        "SourceBucketNames": Array [
          Object {
            "Ref": "AssetParameterscb5b99b8e44e4534ef0b6cbd69f1cf37300f5d57c0e6794fb776f3e5a5f45526S3Bucket40D0D8A3",
          },
        ],
        "SourceObjectKeys": Array [
          Object {
            "Fn::Join": Array [
              "",
              Array [
                Object {
                  "Fn::Select": Array [
                    0,
                    Object {
                      "Fn::Split": Array [
                        "||",
                        Object {
                          "Ref": "AssetParameterscb5b99b8e44e4534ef0b6cbd69f1cf37300f5d57c0e6794fb776f3e5a5f45526S3VersionKey5456D461",
                        },
                      ],
                    },
                  ],
                },
                Object {
                  "Fn::Select": Array [
                    1,
                    Object {
                      "Fn::Split": Array [
                        "||",
                        Object {
                          "Ref": "AssetParameterscb5b99b8e44e4534ef0b6cbd69f1cf37300f5d57c0e6794fb776f3e5a5f45526S3VersionKey5456D461",
                        },
                      ],
                    },
                  ],
                },
              ],
            ],
          },
        ],
      },
      "Type": "Custom::CDKBucketDeployment",
      "UpdateReplacePolicy": "Delete",
    },
    "monomerbiostaticsiteA6A03A2E": Object {
      "DeletionPolicy": "Delete",
      "Properties": Object {
        "BucketName": "monomer-bio-static-site",
        "WebsiteConfiguration": Object {
          "IndexDocument": "index.html",
        },
      },
      "Type": "AWS::S3::Bucket",
      "UpdateReplacePolicy": "Delete",
    },
    "monomerbiostaticsitePolicy3808AA57": Object {
      "Properties": Object {
        "Bucket": Object {
          "Ref": "monomerbiostaticsiteA6A03A2E",
        },
        "PolicyDocument": Object {
          "Statement": Array [
            Object {
              "Action": "s3:GetObject",
              "Effect": "Allow",
              "Principal": "*",
              "Resource": Object {
                "Fn::Join": Array [
                  "",
                  Array [
                    Object {
                      "Fn::GetAtt": Array [
                        "monomerbiostaticsiteA6A03A2E",
                        "Arn",
                      ],
                    },
                    "/*",
                  ],
                ],
              },
            },
          ],
          "Version": "2012-10-17",
        },
      },
      "Type": "AWS::S3::BucketPolicy",
    },
  },
}
`;
